// Vitest Snapshot v1, https://vitest.dev/guide/snapshot.html

exports[`EquityAnalysisPage — asset classes & look-through (#79) > uses a bottom sheet and a stacked composition list on mobile (375px) 1`] = `
<ul
  class="sm:hidden w-full divide-y divide-gray-100 text-sm"
  data-testid="composition-list"
>
  <li
    class="flex items-center justify-between gap-2 py-2"
  >
    <span
      class="inline-flex min-w-0 items-center gap-2"
    >
      <span
        class="h-2.5 w-2.5 shrink-0 rounded-full"
        style="background-color: rgb(184, 174, 200);"
      />
      <span
        class="truncate"
      >
        equityAnalysis.assetClasses.GOV_BOND
      </span>
      <span
        class="text-xs text-muted-foreground"
      >
        (
        1
        )
      </span>
    </span>
    <span
      class="text-right tabular-nums"
    >
      $2,000.00
      <span
        class="ml-1 text-xs text-muted-foreground"
      >
        40.0
        %
      </span>
    </span>
  </li>
  <li
    class="flex items-center justify-between gap-2 py-2"
  >
    <span
      class="inline-flex min-w-0 items-center gap-2"
    >
      <span
        class="h-2.5 w-2.5 shrink-0 rounded-full"
        style="background-color: rgb(58, 53, 66);"
      />
      <span
        class="truncate"
      >
        equityAnalysis.assetClasses.STOCK
      </span>
      <span
        class="text-xs text-muted-foreground"
      >
        (
        1
        )
      </span>
    </span>
    <span
      class="text-right tabular-nums"
    >
      $1,500.00
      <span
        class="ml-1 text-xs text-muted-foreground"
      >
        30.0
        %
      </span>
    </span>
  </li>
  <li
    class="flex items-center justify-between gap-2 py-2"
  >
    <span
      class="inline-flex min-w-0 items-center gap-2"
    >
      <span
        class="h-2.5 w-2.5 shrink-0 rounded-full"
        style="background-color: rgb(126, 117, 144);"
      />
      <span
        class="truncate"
      >
        equityAnalysis.assetClasses.INDEX_ETF
      </span>
      <span
        class="text-xs text-muted-foreground"
      >
        (
        1
        )
      </span>
    </span>
    <span
      class="text-right tabular-nums"
    >
      $1,500.00
      <span
        class="ml-1 text-xs text-muted-foreground"
      >
        30.0
        %
      </span>
    </span>
  </li>
</ul>
`;
